// Jest Snapshot v1, https://goo.gl/fbAQLP

exports[`Layout/LandingPageLayout component should render component 1`] = `
<div
  className="LandingPageLayout-root-1"
>
  <withStyles(GridWrapper)
    className="LandingPageLayout-fullHeight-2"
    container={true}
    direction="column"
  >
    <withStyles(GridWrapper)
      item={true}
      lg={12}
    />
    <withStyles(GridWrapper)
      className="LandingPageLayout-fullHeight-2"
      item={true}
      lg={12}
    >
      <span>
        Content
      </span>
    </withStyles(GridWrapper)>
    <withStyles(GridWrapper)
      item={true}
      lg={12}
    />
  </withStyles(GridWrapper)>
</div>
`;

exports[`Layout/LandingPageLayout component should render withStyles 1`] = `
<LandingPageLayout
  classes={
    Object {
      "fullHeight": "LandingPageLayout-fullHeight-2",
      "root": "LandingPageLayout-root-1",
    }
  }
>
  <span>
    Content
  </span>
</LandingPageLayout>
`;
